\BOOKMARK [1][-]{section.1}{\376\377\000I\000n\000t\000r\000o\000d\000u\000c\000t\000i\000o\000n}{}% 1
\BOOKMARK [1][-]{section.2}{\376\377\000P\000i\000p\000e\000l\000i\000n\000e\000s\000\040\000a\000n\000d\000\040\000p\000l\000a\000t\000f\000o\000r\000m\000s}{}% 2
\BOOKMARK [2][-]{subsection.2.1}{\376\377\000P\000l\000a\000t\000f\000o\000r\000m\000s}{section.2}% 3
\BOOKMARK [3][-]{subsubsection.2.1.1}{\376\377\000P\000A\000L\000M\000O}{subsection.2.1}% 4
\BOOKMARK [2][-]{subsection.2.2}{\376\377\000P\000i\000p\000e\000l\000i\000n\000e\000s}{section.2}% 5
\BOOKMARK [1][-]{section.3}{\376\377\000S\000i\000n\000g\000l\000e\000-\000c\000e\000l\000l}{}% 6
\BOOKMARK [1][-]{section.4}{\376\377\000U\000n\000b\000a\000l\000a\000n\000c\000e\000d\000\040\000o\000r\000\040\000m\000i\000s\000s\000i\000n\000g}{}% 7
\BOOKMARK [2][-]{subsection.4.1}{\376\377\000L\000o\000n\000D\000A}{section.4}% 8
\BOOKMARK [1][-]{section.5}{\376\377\000F\000r\000e\000q\000u\000e\000n\000t\000i\000s\000t\000\040\000L\000M\000M\000\040\000b\000a\000s\000e\000d\000\040\000a\000p\000p\000r\000o\000a\000c\000h\000e\000s}{}% 9
\BOOKMARK [2][-]{subsection.5.1}{\376\377\000D\000i\000s\000c\000r\000e\000t\000e\000\040\000v\000a\000l\000u\000e\000\040\000r\000e\000s\000p\000o\000n\000s\000e}{section.5}% 10
\BOOKMARK [3][-]{subsubsection.5.1.1}{\376\377\000G\000L\000M\000M}{subsection.5.1}% 11
\BOOKMARK [3][-]{subsubsection.5.1.2}{\376\377\000D\000i\000f\000f\000e\000r\000e\000n\000t\000i\000a\000l\000\040\000e\000x\000p\000r\000e\000s\000s\000i\000o\000n\000\040\000a\000n\000a\000l\000y\000s\000i\000s}{subsection.5.1}% 12
\BOOKMARK [1][-]{section.6}{\376\377\000B\000a\000y\000e\000s\000i\000a\000n}{}% 13
\BOOKMARK [1][-]{section.7}{\376\377\000T\000r\000a\000j\000e\000c\000t\000o\000r\000y\000\040\000o\000f\000\040\000m\000e\000a\000s\000u\000r\000e\000m\000e\000n\000t\000s\000\040\000p\000e\000r\000\040\000s\000u\000b\000j\000e\000c\000t}{}% 14
\BOOKMARK [2][-]{subsection.7.1}{\376\377\000S\000u\000r\000v\000i\000v\000a\000l\000,\000\040\000d\000r\000o\000p\000o\000u\000t\000\040\000o\000r\000\040\000c\000e\000n\000s\000o\000r\000e\000d}{section.7}% 15
\BOOKMARK [3][-]{subsubsection.7.1.1}{\376\377\000L\000M\000M\000\040\000a\000l\000o\000n\000g\000s\000i\000d\000e\000\040\000C\000o\000x\000\040\000r\000e\000g\000r\000e\000s\000s\000i\000o\000n}{subsection.7.1}% 16
\BOOKMARK [3][-]{subsubsection.7.1.2}{\376\377\000I\000n\000t\000e\000g\000r\000a\000t\000e\000d\000\040\000O\000r\000n\000e\000s\000t\000e\000i\000n\000-\000U\000h\000l\000e\000n\000b\000e\000c\000k\000\040\000r\000a\000n\000d\000o\000m\000\040\000e\000f\000f\000e\000c\000t}{subsection.7.1}% 17
\BOOKMARK [3][-]{subsubsection.7.1.3}{\376\377\000C\000h\000a\000n\000g\000e\000-\000p\000o\000i\000n\000t\000\040\000d\000e\000t\000e\000c\000t\000i\000o\000n\000\040\000m\000o\000d\000e\000l}{subsection.7.1}% 18
\BOOKMARK [2][-]{subsection.7.2}{\376\377\000L\000o\000n\000G\000P\000:}{section.7}% 19
\BOOKMARK [1][-]{section.8}{\376\377\000M\000u\000l\000t\000i\000v\000a\000r\000i\000a\000t\000e\000\040\000o\000u\000t\000c\000o\000m\000e\000s}{}% 20
\BOOKMARK [2][-]{subsection.8.1}{\376\377\000M\000t\000L\000M\000M}{section.8}% 21
\BOOKMARK [1][-]{section.9}{\376\377\000S\000t\000u\000d\000y\000\040\000o\000b\000s\000t\000a\000c\000l\000e\000s}{}% 22
\BOOKMARK [2][-]{subsection.9.1}{\376\377\000C\000o\000r\000r\000e\000l\000a\000t\000e\000d\000\040\000o\000u\000t\000c\000o\000m\000e\000s}{section.9}% 23
\BOOKMARK [2][-]{subsection.9.2}{\376\377\000T\000i\000m\000e\000-\000v\000a\000r\000y\000i\000n\000g\000\040\000c\000o\000v\000a\000r\000i\000a\000t\000e\000s}{section.9}% 24
\BOOKMARK [2][-]{subsection.9.3}{\376\377\000N\000o\000n\000l\000i\000n\000e\000a\000r\000i\000t\000y\000\040\000a\000n\000d\000\040\000n\000o\000n\000s\000t\000a\000t\000i\000o\000n\000a\000r\000i\000t\000y}{section.9}% 25
\BOOKMARK [2][-]{subsection.9.4}{\376\377\000L\000o\000w\000\040\000r\000e\000p\000l\000i\000c\000a\000t\000i\000o\000n}{section.9}% 26
\BOOKMARK [1][-]{section.10}{\376\377\000A\000p\000p\000r\000o\000a\000c\000h\000e\000s}{}% 27
\BOOKMARK [2][-]{subsection.10.1}{\376\377\000J\000o\000i\000n\000t\000\040\000m\000o\000d\000e\000l\000i\000n\000g\000\040\000o\000f\000\040\000l\000o\000n\000g\000i\000t\000u\000d\000i\000n\000a\000l\000\040\000a\000n\000d\000\040\000t\000i\000m\000e\000-\000t\000o\000-\000e\000v\000e\000n\000t\000\040\000d\000a\000t\000a}{section.10}% 28
\BOOKMARK [2][-]{subsection.10.2}{\376\377\000n\000o\000n\000p\000a\000r\000a\000m\000e\000t\000r\000i\000c}{section.10}% 29
\BOOKMARK [2][-]{subsection.10.3}{\376\377\000I\000n\000t\000e\000g\000r\000a\000t\000i\000o\000n}{section.10}% 30
\BOOKMARK [2][-]{subsection.10.4}{\376\377\000R\000a\000n\000d\000o\000m\000\040\000f\000o\000r\000e\000s\000t}{section.10}% 31
\BOOKMARK [2][-]{subsection.10.5}{\376\377\000C\000l\000u\000s\000t\000e\000r\000i\000n\000g\000,\000\040\000a\000b\000u\000n\000d\000a\000n\000c\000e\000\040\000c\000h\000a\000n\000g\000e\000\040\000n\000e\000t\000w\000o\000r\000k\000\040\000m\000o\000d\000e\000l\000l\000i\000n\000g}{section.10}% 32
\BOOKMARK [2][-]{subsection.10.6}{\376\377\000D\000y\000n\000a\000m\000i\000c\000\040\000m\000o\000d\000e\000l\000l\000i\000n\000g\000\040}{section.10}% 33
\BOOKMARK [2][-]{subsection.10.7}{\376\377\000H\000i\000g\000h\000-\000d\000i\000m\000e\000n\000s\000i\000o\000n\000a\000l}{section.10}% 34
\BOOKMARK [2][-]{subsection.10.8}{\376\377\000S\000V\000M}{section.10}% 35
\BOOKMARK [2][-]{subsection.10.9}{\376\377\000U\000s\000e\000d\000\040\000m\000e\000t\000h\000o\000d\000s}{section.10}% 36
